{
  "_note1": "KEEP THIS FILE! Check it into a version control system (VCS) like git.",
  "_note2": "ObjectBox manages crucial IDs for your object model. See docs for details.",
  "_note3": "If you have VCS merge conflicts, you must resolve them according to ObjectBox docs.",
  "entities": [
    {
      "id": "1:8717895732742165505",
      "lastPropertyId": "1:2259404117704393152",
      "name": "RuneIdEntity",
      "properties": [
        {
          "id": "1:2259404117704393152",
          "name": "Id",
          "type": 6,
          "flags": 1
        }
      ]
    },
    {
      "id": "2:6050128673802995827",
      "lastPropertyId": "1:501233450539197794",
      "name": "StringIdEntity",
      "properties": [
        {
          "id": "1:501233450539197794",
          "name": "Id",
          "type": 6,
          "flags": 1
        }
      ]
    },
    {
      "id": "3:3390393562759376202",
      "lastPropertyId": "2:1774932891286980153",
      "name": "TimeEntity",
      "properties": [
        {
          "id": "1:2669985732393126063",
          "name": "Id",
          "type": 6,
          "flags": 1
        },
        {
          "id": "2:1774932891286980153",
          "name": "Time",
          "type": 10
        }
      ]
    }
  ],
  "lastEntityId": "3:3390393562759376202",
  "lastIndexId": "",
  "lastRelationId": "",
  "modelVersion": 5,
  "modelVersionParserMinimum": 5,
  "retiredEntityUids": [],
  "retiredIndexUids": [],
  "retiredPropertyUids": [],
  "retiredRelationUids": [],
  "version": 1
}