{
  "comment": [
    "KEEP THIS FILE! Check it into a version control system (VCS) like git.",
    "ObjectBox manages crucial IDs for your object model. See docs for details.",
    "If you have VCS merge conflicts, you must resolve them according to ObjectBox docs."
  ],
  "entities": [
    {
      "id": "1:8717895732742165505",
      "name": "TaskRelId",
      "lastPropertyId": "2:6050128673802995827",
      "properties": [
        {
          "id": "1:2259404117704393152",
          "name": "Id"
        },
        {
          "id": "2:6050128673802995827",
          "name": "Group",
          "indexId": "1:501233450539197794"
        }
      ]
    },
    {
      "id": "2:3390393562759376202",
      "name": "TaskRelPtr",
      "lastPropertyId": "2:1774932891286980153",
      "properties": [
        {
          "id": "1:2669985732393126063",
          "name": "Id"
        },
        {
          "id": "2:1774932891286980153",
          "name": "Group",
          "indexId": "2:6044372234677422456"
        }
      ]
    },
    {
      "id": "3:8274930044578894929",
      "name": "TaskRelValue",
      "lastPropertyId": "2:2661732831099943416",
      "properties": [
        {
          "id": "1:1543572285742637646",
          "name": "Id"
        },
        {
          "id": "2:2661732831099943416",
          "name": "Group",
          "indexId": "3:8325060299420976708"
        }
      ]
    },
    {
      "id": "4:7837839688282259259",
      "name": "Group",
      "lastPropertyId": "2:5617773211005988520",
      "properties": [
        {
          "id": "1:2518412263346885298",
          "name": "Id"
        },
        {
          "id": "2:5617773211005988520",
          "name": "Name"
        }
      ]
    },
    {
      "id": "5:2339563716805116249",
      "name": "TaskRelManyPtr",
      "lastPropertyId": "1:7144924247938981575",
      "properties": [
        {
          "id": "1:7144924247938981575",
          "name": "Id"
        }
      ],
      "relations": [
        {
          "id": "1:161231572858529631",
          "name": "Groups"
        }
      ]
    },
    {
      "id": "6:7259475919510918339",
      "name": "TaskRelManyValue",
      "lastPropertyId": "1:7373105480197164748",
      "properties": [
        {
          "id": "1:7373105480197164748",
          "name": "Id"
        }
      ],
      "relations": [
        {
          "id": "2:3287288577352441706",
          "name": "Groups"
        }
      ]
    }
  ],
  "lastEntityId": "6:7259475919510918339",
  "lastIndexId": "3:8325060299420976708",
  "lastRelationId": "2:3287288577352441706",
  "retiredEntityUids": [],
  "retiredIndexUids": [],
  "retiredPropertyUids": [],
  "retiredRelationUids": []
}