{
  "comment": [
    "KEEP THIS FILE! Check it into a version control system (VCS) like git.",
    "ObjectBox manages crucial IDs for your object model. See docs for details.",
    "If you have VCS merge conflicts, you must resolve them according to ObjectBox docs."
  ],
  "entities": [
    {
      "id": "1:8717895732742165505",
      "name": "Task",
      "lastPropertyId": "8:8325060299420976708",
      "properties": [
        {
          "id": "1:2259404117704393152",
          "name": "Id"
        },
        {
          "id": "2:6050128673802995827",
          "name": "Uid",
          "indexId": "1:501233450539197794"
        },
        {
          "id": "3:3390393562759376202",
          "name": "Name"
        },
        {
          "id": "4:2669985732393126063",
          "name": "Place",
          "indexId": "2:1774932891286980153"
        },
        {
          "id": "5:6044372234677422456",
          "name": "Source",
          "indexId": "3:8274930044578894929"
        },
        {
          "id": "6:1543572285742637646",
          "name": "Text"
        },
        {
          "id": "7:2661732831099943416",
          "name": "Date"
        },
        {
          "id": "8:8325060299420976708",
          "name": "GroupId",
          "indexId": "4:7837839688282259259"
        }
      ]
    },
    {
      "id": "2:2518412263346885298",
      "name": "Group",
      "lastPropertyId": "1:5617773211005988520",
      "properties": [
        {
          "id": "1:5617773211005988520",
          "name": "Id"
        }
      ]
    },
    {
      "id": "3:2339563716805116249",
      "name": "TaskByValue",
      "lastPropertyId": "1:7144924247938981575",
      "properties": [
        {
          "id": "1:7144924247938981575",
          "name": "Id"
        }
      ]
    },
    {
      "id": "4:161231572858529631",
      "name": "TaskStringByValue",
      "lastPropertyId": "1:7259475919510918339",
      "properties": [
        {
          "id": "1:7259475919510918339",
          "name": "Id"
        }
      ]
    }
  ],
  "lastEntityId": "4:161231572858529631",
  "lastIndexId": "4:7837839688282259259",
  "retiredEntityUids": [],
  "retiredIndexUids": [],
  "retiredPropertyUids": []
}