{
  "_note1": "KEEP THIS FILE! Check it into a version control system (VCS) like git.",
  "_note2": "ObjectBox manages crucial IDs for your object model. See docs for details.",
  "_note3": "If you have VCS merge conflicts, you must resolve them according to ObjectBox docs.",
  "entities": [
    {
      "id": "1:8717895732742165505",
      "lastPropertyId": "7:6044372234677422456",
      "name": "Aliases",
      "properties": [
        {
          "id": "1:2259404117704393152",
          "name": "Id",
          "type": 6,
          "flags": 8193
        },
        {
          "id": "2:6050128673802995827",
          "name": "SameFile",
          "type": 9
        },
        {
          "id": "3:501233450539197794",
          "name": "SamePackage",
          "type": 6
        },
        {
          "id": "4:3390393562759376202",
          "name": "SameFile2",
          "type": 9
        },
        {
          "id": "5:2669985732393126063",
          "name": "SamePackage2",
          "type": 6
        },
        {
          "id": "6:1774932891286980153",
          "name": "OtherPackage",
          "type": 9
        },
        {
          "id": "7:6044372234677422456",
          "name": "OtherPackage2",
          "type": 9
        }
      ]
    },
    {
      "id": "2:8274930044578894929",
      "lastPropertyId": "18:3706853784096366226",
      "name": "Nillable",
      "properties": [
        {
          "id": "1:1543572285742637646",
          "name": "Id",
          "type": 6,
          "flags": 8193
        },
        {
          "id": "2:2661732831099943416",
          "name": "Int",
          "type": 6
        },
        {
          "id": "3:8325060299420976708",
          "name": "Int8",
          "type": 2
        },
        {
          "id": "4:7837839688282259259",
          "name": "Int16",
          "type": 3
        },
        {
          "id": "5:2518412263346885298",
          "name": "Int32",
          "type": 5
        },
        {
          "id": "6:5617773211005988520",
          "name": "Int64",
          "type": 6
        },
        {
          "id": "7:2339563716805116249",
          "name": "Uint",
          "type": 6,
          "flags": 8192
        },
        {
          "id": "8:7144924247938981575",
          "name": "Uint8",
          "type": 2,
          "flags": 8192
        },
        {
          "id": "9:161231572858529631",
          "name": "Uint16",
          "type": 3,
          "flags": 8192
        },
        {
          "id": "10:7259475919510918339",
          "name": "Uint32",
          "type": 5,
          "flags": 8192
        },
        {
          "id": "11:7373105480197164748",
          "name": "Uint64",
          "type": 6,
          "flags": 8192
        },
        {
          "id": "12:3287288577352441706",
          "name": "Bool",
          "type": 1
        },
        {
          "id": "13:3930927879439176946",
          "name": "String",
          "type": 9
        },
        {
          "id": "14:4706154865122290029",
          "name": "Byte",
          "type": 2
        },
        {
          "id": "15:2217592893536642650",
          "name": "Rune",
          "type": 5
        },
        {
          "id": "16:1929546706668609706",
          "name": "Float32",
          "type": 7
        },
        {
          "id": "17:6392442863481646880",
          "name": "Float64",
          "type": 8
        },
        {
          "id": "18:3706853784096366226",
          "name": "Date",
          "type": 10
        }
      ]
    },
    {
      "id": "3:2627038740284806767",
      "lastPropertyId": "20:8683452355129068124",
      "name": "Typeful",
      "properties": [
        {
          "id": "1:6303220950515014660",
          "name": "Id",
          "type": 6,
          "flags": 8193
        },
        {
          "id": "2:4035568504096476779",
          "name": "Int",
          "type": 6
        },
        {
          "id": "3:959367522974354090",
          "name": "Int8",
          "type": 2
        },
        {
          "id": "4:2914295034816259174",
          "name": "Int16",
          "type": 3
        },
        {
          "id": "5:1395437218309923052",
          "name": "Int32",
          "type": 5
        },
        {
          "id": "6:6745438398739480977",
          "name": "Int64",
          "type": 6
        },
        {
          "id": "7:2897681629866238117",
          "name": "Uint",
          "type": 6,
          "flags": 8192
        },
        {
          "id": "8:3398579248012586914",
          "name": "Uint8",
          "type": 2,
          "flags": 8192
        },
        {
          "id": "9:5974317550424871033",
          "name": "Uint16",
          "type": 3,
          "flags": 8192
        },
        {
          "id": "10:3317123977833389635",
          "name": "Uint32",
          "type": 5,
          "flags": 8192
        },
        {
          "id": "11:5001958211167890979",
          "name": "Uint64",
          "type": 6,
          "flags": 8192
        },
        {
          "id": "12:167566062957544642",
          "name": "Bool",
          "type": 1
        },
        {
          "id": "13:4778690082005258714",
          "name": "String",
          "type": 9
        },
        {
          "id": "14:1059542851699319360",
          "name": "StringVector",
          "type": 30
        },
        {
          "id": "15:6972732843819909978",
          "name": "Byte",
          "type": 2
        },
        {
          "id": "16:5558237345453186302",
          "name": "ByteVector",
          "type": 23
        },
        {
          "id": "17:7845762441295307478",
          "name": "Rune",
          "type": 5
        },
        {
          "id": "18:771642788862502430",
          "name": "Float32",
          "type": 7
        },
        {
          "id": "19:8514850266767180993",
          "name": "Float64",
          "type": 8
        },
        {
          "id": "20:8683452355129068124",
          "name": "Date",
          "type": 10
        }
      ]
    }
  ],
  "lastEntityId": "3:2627038740284806767",
  "lastIndexId": "",
  "lastRelationId": "",
  "modelVersion": 5,
  "modelVersionParserMinimum": 5,
  "retiredEntityUids": [],
  "retiredIndexUids": [],
  "retiredPropertyUids": [],
  "retiredRelationUids": [],
  "version": 1
}