{
  "comment": [
    "KEEP THIS FILE! Check it into a version control system (VCS) like git.",
    "ObjectBox manages crucial IDs for your object model. See docs for details.",
    "If you have VCS merge conflicts, you must resolve them according to ObjectBox docs."
  ],
  "entities": [
    {
      "id": "1:8717895732742165505",
      "name": "Aliases",
      "lastPropertyId": "3:501233450539197794",
      "properties": [
        {
          "id": "1:2259404117704393152",
          "name": "Id"
        },
        {
          "id": "2:6050128673802995827",
          "name": "SameFile"
        },
        {
          "id": "3:501233450539197794",
          "name": "SamePackage"
        }
      ]
    },
    {
      "id": "2:3390393562759376202",
      "name": "Typeful",
      "lastPropertyId": "19:2217592893536642650",
      "properties": [
        {
          "id": "1:2669985732393126063",
          "name": "Id"
        },
        {
          "id": "2:1774932891286980153",
          "name": "Int"
        },
        {
          "id": "3:6044372234677422456",
          "name": "Int8"
        },
        {
          "id": "4:8274930044578894929",
          "name": "Int16"
        },
        {
          "id": "5:1543572285742637646",
          "name": "Int32"
        },
        {
          "id": "6:2661732831099943416",
          "name": "Int64"
        },
        {
          "id": "7:8325060299420976708",
          "name": "Uint"
        },
        {
          "id": "8:7837839688282259259",
          "name": "Uint8"
        },
        {
          "id": "9:2518412263346885298",
          "name": "Uint16"
        },
        {
          "id": "10:5617773211005988520",
          "name": "Uint32"
        },
        {
          "id": "11:2339563716805116249",
          "name": "Uint64"
        },
        {
          "id": "12:7144924247938981575",
          "name": "Bool"
        },
        {
          "id": "13:161231572858529631",
          "name": "String"
        },
        {
          "id": "14:7259475919510918339",
          "name": "Byte"
        },
        {
          "id": "15:7373105480197164748",
          "name": "ByteVector"
        },
        {
          "id": "16:3287288577352441706",
          "name": "Rune"
        },
        {
          "id": "17:3930927879439176946",
          "name": "Float32"
        },
        {
          "id": "18:4706154865122290029",
          "name": "Float64"
        },
        {
          "id": "19:2217592893536642650",
          "name": "Date"
        }
      ]
    }
  ],
  "lastEntityId": "2:3390393562759376202",
  "lastIndexId": "",
  "retiredEntityUids": [],
  "retiredIndexUids": [],
  "retiredPropertyUids": []
}