{
  "_note1": "KEEP THIS FILE! Check it into a version control system (VCS) like git.",
  "_note2": "ObjectBox manages crucial IDs for your object model. See docs for details.",
  "_note3": "If you have VCS merge conflicts, you must resolve them according to ObjectBox docs.",
  "entities": [
    {
      "id": "1:8717895732742165505",
      "lastPropertyId": "2:6050128673802995827",
      "name": "A",
      "properties": [
        {
          "id": "1:2259404117704393152",
          "name": "Id",
          "type": 6,
          "flags": 1
        }
      ]
    },
    {
      "id": "2:501233450539197794",
      "lastPropertyId": "3:1774932891286980153",
      "name": "B",
      "properties": [
        {
          "id": "1:3390393562759376202",
          "name": "Id",
          "type": 6,
          "flags": 1
        },
        {
          "id": "3:1774932891286980153",
          "name": "New",
          "type": 6
        }
      ]
    },
    {
      "id": "3:6044372234677422456",
      "lastPropertyId": "3:2661732831099943416",
      "name": "C",
      "properties": [
        {
          "id": "1:8274930044578894929",
          "name": "Id",
          "type": 6,
          "flags": 1
        },
        {
          "id": "3:2661732831099943416",
          "name": "New",
          "type": 6
        }
      ]
    }
  ],
  "lastEntityId": "3:6044372234677422456",
  "lastIndexId": "",
  "lastRelationId": "",
  "modelVersion": 5,
  "modelVersionParserMinimum": 5,
  "retiredEntityUids": [],
  "retiredIndexUids": [],
  "retiredPropertyUids": [
    1543572285742637646,
    6050128673802995827,
    2669985732393126063
  ],
  "retiredRelationUids": null,
  "version": 1
}