{
  "comment": [
    "KEEP THIS FILE! Check it into a version control system (VCS) like git.",
    "ObjectBox manages crucial IDs for your object model. See docs for details.",
    "If you have VCS merge conflicts, you must resolve them according to ObjectBox docs."
  ],
  "entities": [
    {
      "id": "1:8717895732742165505",
      "name": "A",
      "lastPropertyId": "2:6050128673802995827",
      "properties": [
        {
          "id": "1:2259404117704393152",
          "name": "Id"
        },
        {
          "id": "2:6050128673802995827",
          "name": "Name"
        }
      ]
    },
    {
      "id": "2:501233450539197794",
      "name": "B",
      "lastPropertyId": "4:8274930044578894929",
      "properties": [
        {
          "id": "1:3390393562759376202",
          "name": "Text"
        },
        {
          "id": "2:2669985732393126063",
          "name": "Id"
        },
        {
          "id": "3:1774932891286980153",
          "name": "Value",
          "indexId": "1:6044372234677422456"
        },
        {
          "id": "4:8274930044578894929",
          "name": "Name"
        }
      ]
    },
    {
      "id": "3:1543572285742637646",
      "name": "C",
      "lastPropertyId": "3:7837839688282259259",
      "properties": [
        {
          "id": "1:2661732831099943416",
          "name": "int64"
        },
        {
          "id": "2:8325060299420976708",
          "name": "val"
        },
        {
          "id": "3:7837839688282259259",
          "name": "Id"
        }
      ]
    },
    {
      "id": "4:2518412263346885298",
      "name": "D",
      "lastPropertyId": "2:2339563716805116249",
      "properties": [
        {
          "id": "1:5617773211005988520",
          "name": "Id"
        },
        {
          "id": "2:2339563716805116249",
          "name": "Value"
        }
      ]
    },
    {
      "id": "5:7144924247938981575",
      "name": "E",
      "lastPropertyId": "4:3287288577352441706",
      "properties": [
        {
          "id": "1:161231572858529631",
          "name": "Location"
        },
        {
          "id": "2:7259475919510918339",
          "name": "id"
        },
        {
          "id": "3:7373105480197164748",
          "name": "ForeignAlias"
        },
        {
          "id": "4:3287288577352441706",
          "name": "ForeignNamed"
        }
      ]
    },
    {
      "id": "6:3930927879439176946",
      "name": "F",
      "lastPropertyId": "8:959367522974354090",
      "properties": [
        {
          "id": "1:4706154865122290029",
          "name": "id"
        },
        {
          "id": "2:2217592893536642650",
          "name": "Combined_Text"
        },
        {
          "id": "3:1929546706668609706",
          "name": "Combined_Id"
        },
        {
          "id": "4:6392442863481646880",
          "name": "Combined_Value",
          "indexId": "2:3706853784096366226"
        },
        {
          "id": "5:2627038740284806767",
          "name": "BytesValue_Value"
        },
        {
          "id": "6:6303220950515014660",
          "name": "More_Text"
        },
        {
          "id": "7:4035568504096476779",
          "name": "More_Id"
        },
        {
          "id": "8:959367522974354090",
          "name": "More_Value",
          "indexId": "3:2914295034816259174"
        }
      ]
    }
  ],
  "lastEntityId": "6:3930927879439176946",
  "lastIndexId": "3:2914295034816259174",
  "lastRelationId": "",
  "retiredEntityUids": [],
  "retiredIndexUids": [],
  "retiredPropertyUids": [],
  "retiredRelationUids": []
}